===== mlx5_0 =====
 WARNING: BW peak won't be measured in this run.
---------------------------------------------------------------------------------------
                    RDMA_Write BW Test
 Dual-port       : OFF		Device         : mlx5_0
 Number of qps   : 1		Transport type : IB
 Connection type : RC		Using SRQ      : OFF
 PCIe relax order: ON		Lock-free      : OFF
 ibv_wr* API     : ON
 TX depth        : 128
 CQ Moderation   : 1
 CQE Poll Batch  : 16
 Mtu             : 4096[B]
 Link type       : Ethernet
 GID index       : 3
 Max inline data : 0[B]
 rdma_cm QPs	 : OFF
 Data ex. method : Ethernet
---------------------------------------------------------------------------------------
 local address: LID 0000 QPN 0x0129 PSN 0x5c4ba2 RKey 0x1ffc00 VAddr 0x0074540683d000
 GID: 00:00:00:00:00:00:00:00:00:00:255:255:10:200:40:01
 remote address: LID 0000 QPN 0x012c PSN 0x787f27 RKey 0x1ffe00 VAddr 0x007e4ac68eb000
 GID: 00:00:00:00:00:00:00:00:00:00:255:255:10:200:60:01
---------------------------------------------------------------------------------------
 #bytes     #iterations    BW peak[Gb/sec]    BW average[Gb/sec]   MsgRate[Mpps]
 65536      11964464         0.00               392.05 		     0.747780
---------------------------------------------------------------------------------------
BW|0|392.05
===== mlx5_1 =====
 WARNING: BW peak won't be measured in this run.
---------------------------------------------------------------------------------------
                    RDMA_Write BW Test
 Dual-port       : OFF		Device         : mlx5_1
 Number of qps   : 1		Transport type : IB
 Connection type : RC		Using SRQ      : OFF
 PCIe relax order: ON		Lock-free      : OFF
 ibv_wr* API     : ON
 TX depth        : 128
 CQ Moderation   : 1
 CQE Poll Batch  : 16
 Mtu             : 4096[B]
 Link type       : Ethernet
 GID index       : 3
 Max inline data : 0[B]
 rdma_cm QPs	 : OFF
 Data ex. method : Ethernet
---------------------------------------------------------------------------------------
 local address: LID 0000 QPN 0x0129 PSN 0x760bd RKey 0x1ffe00 VAddr 0x007963a80e8000
 GID: 00:00:00:00:00:00:00:00:00:00:255:255:10:200:40:03
 remote address: LID 0000 QPN 0x012c PSN 0x239442 RKey 0x1ffd00 VAddr 0x007eb2785ef000
 GID: 00:00:00:00:00:00:00:00:00:00:255:255:10:200:60:03
---------------------------------------------------------------------------------------
 #bytes     #iterations    BW peak[Gb/sec]    BW average[Gb/sec]   MsgRate[Mpps]
 65536      11379327         0.00               372.88 		     0.711211
---------------------------------------------------------------------------------------
BW|1|372.88
EXIT|0|0
