===== mlx5_0 =====
 WARNING: BW peak won't be measured in this run.
---------------------------------------------------------------------------------------
                    RDMA_Write BW Test
 Dual-port       : OFF		Device         : mlx5_0
 Number of qps   : 1		Transport type : IB
 Connection type : RC		Using SRQ      : OFF
 PCIe relax order: ON		Lock-free      : OFF
 ibv_wr* API     : ON
 TX depth        : 128
 CQ Moderation   : 1
 CQE Poll Batch  : 16
 Mtu             : 4096[B]
 Link type       : Ethernet
 GID index       : 3
 Max inline data : 0[B]
 rdma_cm QPs	 : OFF
 Data ex. method : Ethernet
---------------------------------------------------------------------------------------
 local address: LID 0000 QPN 0x012a PSN 0x26cdd3 RKey 0x1ffebe VAddr 0x0074fdbaf7a000
 GID: 00:00:00:00:00:00:00:00:00:00:255:255:10:200:68:01
 remote address: LID 0000 QPN 0x0126 PSN 0x620bca RKey 0x1ffcbc VAddr 0x007fb013c2d000
 GID: 00:00:00:00:00:00:00:00:00:00:255:255:10:200:40:01
---------------------------------------------------------------------------------------
 #bytes     #iterations    BW peak[Gb/sec]    BW average[Gb/sec]   MsgRate[Mpps]
 65536      5982332          0.00               196.04 		     0.373920
---------------------------------------------------------------------------------------
BW|0|196.04
===== mlx5_1 =====
 WARNING: BW peak won't be measured in this run.
---------------------------------------------------------------------------------------
                    RDMA_Write BW Test
 Dual-port       : OFF		Device         : mlx5_1
 Number of qps   : 1		Transport type : IB
 Connection type : RC		Using SRQ      : OFF
 PCIe relax order: ON		Lock-free      : OFF
 ibv_wr* API     : ON
 TX depth        : 128
 CQ Moderation   : 1
 CQE Poll Batch  : 16
 Mtu             : 4096[B]
 Link type       : Ethernet
 GID index       : 3
 Max inline data : 0[B]
 rdma_cm QPs	 : OFF
 Data ex. method : Ethernet
---------------------------------------------------------------------------------------
 local address: LID 0000 QPN 0x022a PSN 0xd05a4b RKey 0x23be00 VAddr 0x007af8f4252000
 GID: 00:00:00:00:00:00:00:00:00:00:255:255:10:200:68:03
 remote address: LID 0000 QPN 0x0126 PSN 0xb9843 RKey 0x1ffebc VAddr 0x00796697959000
 GID: 00:00:00:00:00:00:00:00:00:00:255:255:10:200:40:03
---------------------------------------------------------------------------------------
 #bytes     #iterations    BW peak[Gb/sec]    BW average[Gb/sec]   MsgRate[Mpps]
 65536      5982332          0.00               196.04 		     0.373919
---------------------------------------------------------------------------------------
BW|1|196.04
EXIT|0|0
