===== mlx5_0 =====
 WARNING: BW peak won't be measured in this run.
---------------------------------------------------------------------------------------
                    RDMA_Write BW Test
 Dual-port       : OFF		Device         : mlx5_0
 Number of qps   : 1		Transport type : IB
 Connection type : RC		Using SRQ      : OFF
 PCIe relax order: ON		Lock-free      : OFF
 ibv_wr* API     : ON
 TX depth        : 128
 CQ Moderation   : 1
 CQE Poll Batch  : 16
 Mtu             : 4096[B]
 Link type       : Ethernet
 GID index       : 3
 Max inline data : 0[B]
 rdma_cm QPs	 : OFF
 Data ex. method : Ethernet
---------------------------------------------------------------------------------------
 local address: LID 0000 QPN 0x0128 PSN 0x8bfc00 RKey 0x1ffe00 VAddr 0x007dad0931e000
 GID: 00:00:00:00:00:00:00:00:00:00:255:255:10:200:68:01
 remote address: LID 0000 QPN 0x0126 PSN 0x1da6da RKey 0x1ffcbc VAddr 0x007a72cf255000
 GID: 00:00:00:00:00:00:00:00:00:00:255:255:10:200:49:01
---------------------------------------------------------------------------------------
 #bytes     #iterations    BW peak[Gb/sec]    BW average[Gb/sec]   MsgRate[Mpps]
 65536      5982339          0.00               196.03 		     0.373894
---------------------------------------------------------------------------------------
BW|0|196.03
===== mlx5_1 =====
 WARNING: BW peak won't be measured in this run.
---------------------------------------------------------------------------------------
                    RDMA_Write BW Test
 Dual-port       : OFF		Device         : mlx5_1
 Number of qps   : 1		Transport type : IB
 Connection type : RC		Using SRQ      : OFF
 PCIe relax order: ON		Lock-free      : OFF
 ibv_wr* API     : ON
 TX depth        : 128
 CQ Moderation   : 1
 CQE Poll Batch  : 16
 Mtu             : 4096[B]
 Link type       : Ethernet
 GID index       : 3
 Max inline data : 0[B]
 rdma_cm QPs	 : OFF
 Data ex. method : Ethernet
---------------------------------------------------------------------------------------
 local address: LID 0000 QPN 0x0228 PSN 0x1a6cd6 RKey 0x23bfbd VAddr 0x0072f4458e6000
 GID: 00:00:00:00:00:00:00:00:00:00:255:255:10:200:68:03
 remote address: LID 0000 QPN 0x0126 PSN 0x8f3604 RKey 0x1ffebc VAddr 0x0079b13bceb000
 GID: 00:00:00:00:00:00:00:00:00:00:255:255:10:200:49:03
---------------------------------------------------------------------------------------
 #bytes     #iterations    BW peak[Gb/sec]    BW average[Gb/sec]   MsgRate[Mpps]
 65536      5982390          0.00               196.03 		     0.373895
---------------------------------------------------------------------------------------
BW|1|196.03
EXIT|0|0
