===== mlx5_0 =====
 WARNING: BW peak won't be measured in this run.
---------------------------------------------------------------------------------------
                    RDMA_Write BW Test
 Dual-port       : OFF		Device         : mlx5_0
 Number of qps   : 1		Transport type : IB
 Connection type : RC		Using SRQ      : OFF
 PCIe relax order: ON		Lock-free      : OFF
 ibv_wr* API     : ON
 TX depth        : 128
 CQ Moderation   : 1
 CQE Poll Batch  : 16
 Mtu             : 4096[B]
 Link type       : Ethernet
 GID index       : 3
 Max inline data : 0[B]
 rdma_cm QPs	 : OFF
 Data ex. method : Ethernet
---------------------------------------------------------------------------------------
 local address: LID 0000 QPN 0x012b PSN 0xeb80d1 RKey 0x1fffbd VAddr 0x0072984477a000
 GID: 00:00:00:00:00:00:00:00:00:00:255:255:10:200:60:01
 remote address: LID 0000 QPN 0x0128 PSN 0xd45d58 RKey 0x1ffc00 VAddr 0x0077ed436ca000
 GID: 00:00:00:00:00:00:00:00:00:00:255:255:10:200:40:01
---------------------------------------------------------------------------------------
 #bytes     #iterations    BW peak[Gb/sec]    BW average[Gb/sec]   MsgRate[Mpps]
 65536      11964451         0.00               392.05 		     0.747778
---------------------------------------------------------------------------------------
BW|0|392.05
===== mlx5_1 =====
 WARNING: BW peak won't be measured in this run.
---------------------------------------------------------------------------------------
                    RDMA_Write BW Test
 Dual-port       : OFF		Device         : mlx5_1
 Number of qps   : 1		Transport type : IB
 Connection type : RC		Using SRQ      : OFF
 PCIe relax order: ON		Lock-free      : OFF
 ibv_wr* API     : ON
 TX depth        : 128
 CQ Moderation   : 1
 CQE Poll Batch  : 16
 Mtu             : 4096[B]
 Link type       : Ethernet
 GID index       : 3
 Max inline data : 0[B]
 rdma_cm QPs	 : OFF
 Data ex. method : Ethernet
---------------------------------------------------------------------------------------
 local address: LID 0000 QPN 0x012b PSN 0xdb48b0 RKey 0x1ffd00 VAddr 0x0077b6097a0000
 GID: 00:00:00:00:00:00:00:00:00:00:255:255:10:200:60:03
 remote address: LID 0000 QPN 0x0128 PSN 0xc42536 RKey 0x1ffe00 VAddr 0x007b644b6aa000
 GID: 00:00:00:00:00:00:00:00:00:00:255:255:10:200:40:03
---------------------------------------------------------------------------------------
 #bytes     #iterations    BW peak[Gb/sec]    BW average[Gb/sec]   MsgRate[Mpps]
 65536      11964447         0.00               392.05 		     0.747778
---------------------------------------------------------------------------------------
BW|1|392.05
EXIT|0|0
