 WARNING: BW peak won't be measured in this run.

************************************
* Waiting for client to connect... *
************************************
---------------------------------------------------------------------------------------
                    RDMA_Write BW Test
 Dual-port       : OFF		Device         : mlx5_0
 Number of qps   : 1		Transport type : IB
 Connection type : RC		Using SRQ      : OFF
 PCIe relax order: ON		Lock-free      : OFF
 ibv_wr* API     : ON
 CQ Moderation   : 1
 CQE Poll Batch  : 16
 Mtu             : 4096[B]
 Link type       : Ethernet
 GID index       : 3
 Max inline data : 0[B]
 rdma_cm QPs	 : OFF
 Data ex. method : Ethernet
---------------------------------------------------------------------------------------
 local address: LID 0000 QPN 0x0127 PSN 0xe08140 RKey 0x1ffe00 VAddr 0x007391eec3a000
 GID: 00:00:00:00:00:00:00:00:00:00:255:255:10:200:60:01
 remote address: LID 0000 QPN 0x0126 PSN 0xb83ce2 RKey 0x1ffebc VAddr 0x0078a195f0e000
 GID: 00:00:00:00:00:00:00:00:00:00:255:255:10:200:68:01
---------------------------------------------------------------------------------------
 #bytes     #iterations    BW peak[Gb/sec]    BW average[Gb/sec]   MsgRate[Mpps]
 65536      5982332          0.00               196.04 		     0.373920
---------------------------------------------------------------------------------------
 WARNING: BW peak won't be measured in this run.

************************************
* Waiting for client to connect... *
************************************
---------------------------------------------------------------------------------------
                    RDMA_Write BW Test
 Dual-port       : OFF		Device         : mlx5_1
 Number of qps   : 1		Transport type : IB
 Connection type : RC		Using SRQ      : OFF
 PCIe relax order: ON		Lock-free      : OFF
 ibv_wr* API     : ON
 CQ Moderation   : 1
 CQE Poll Batch  : 16
 Mtu             : 4096[B]
 Link type       : Ethernet
 GID index       : 3
 Max inline data : 0[B]
 rdma_cm QPs	 : OFF
 Data ex. method : Ethernet
---------------------------------------------------------------------------------------
 local address: LID 0000 QPN 0x0127 PSN 0x53fdb6 RKey 0x1ffd00 VAddr 0x007d1943caa000
 GID: 00:00:00:00:00:00:00:00:00:00:255:255:10:200:60:03
 remote address: LID 0000 QPN 0x0226 PSN 0x2bb958 RKey 0x23bebc VAddr 0x007832a7f19000
 GID: 00:00:00:00:00:00:00:00:00:00:255:255:10:200:68:03
---------------------------------------------------------------------------------------
 #bytes     #iterations    BW peak[Gb/sec]    BW average[Gb/sec]   MsgRate[Mpps]
 65536      5982325          0.00               196.04 		     0.373919
---------------------------------------------------------------------------------------
