===== HOST AND BOOT =====
weka66
 22:05:56 up 1 day,  1:53,  1 user,  load average: 0.00, 0.00, 0.00
===== RDMA INTERFACES =====
link mlx5_0/1 state ACTIVE physical_state LINK_UP netdev ens4047f0np0 
link mlx5_1/1 state ACTIVE physical_state LINK_UP netdev ens4047f1np1 
mlx5_0 port 1 ==> ens4047f0np0 (Up)
mlx5_1 port 1 ==> ens4047f1np1 (Up)
===== EXISTING ROCE SERVICE =====
# /etc/systemd/system/weka-roce.service
[Unit]
Description=Configure RoCE before WEKA Agent
Wants=network-online.target
After=network-online.target systemd-modules-load.service
Before=weka-agent.service

[Service]
Type=oneshot
ExecStart=/usr/local/sbin/weka-roce-startup.sh
RemainAfterExit=yes
TimeoutStartSec=360
StandardOutput=journal
StandardError=journal

[Install]
WantedBy=multi-user.target
===== EXISTING WEKA DEPENDENCIES =====
[?1h=Requires=system.slice sysinit.target -.mount weka-roce.service[m
After=network-online.target weka-roce.service sysinit.target systemd-journald.socket network.target -.mount system.slice basic.target rpcbind.service[m
[K[?1l>===== EXISTING PERSISTENCE CONFIG =====
===== FULL PRECHECK =====

================================================================
1. REQUIRED COMMANDS
================================================================
PASS  weka
PASS  ip
PASS  ethtool
PASS  ibdev2netdev
PASS  rdma
PASS  mlnx_qos
PASS  sysctl
PASS  systemctl
PASS  journalctl
PASS  findmnt
PASS  awk
PASS  sed
PASS  grep
PASS  sort
PASS  head
PASS  tail
PASS  tr
PASS  wc

WEKA RoCE Read-Only Pre-Check

Host:             weka66
Requested role:   client
Detected role:    client
Role reason:      Role explicitly provided
Expected TOS:     106
Date:             Wed Sep 30 22:05:56 UTC 2026
Report:           /root/roce-precheck-reports/weka66-roce-precheck-20260930-220556.log

No configuration changes will be made.

================================================================
2. SYSTEM INFORMATION
================================================================
Wed Sep 30 22:05:56 UTC 2026
 Static hostname: weka66
       Icon name: computer-server
         Chassis: server 🖳
      Machine ID: be1c72bce99b4b719d2c77000f4814b0
         Boot ID: 0e7e8dfadd214423a948ad3fd0150c5f
Operating System: Ubuntu 24.04.4 LTS
          Kernel: Linux 6.8.0-111-generic
    Architecture: x86-64
 Hardware Vendor: Supermicro
  Hardware Model: SYS-222BT-HER
Firmware Version: 1.3
   Firmware Date: Tue 2025-04-22
    Firmware Age: 1y 5month 1w 2d
 22:05:56 up 1 day,  1:53,  1 user,  load average: 0.00, 0.00, 0.00
6.8.0-111-generic

================================================================
3. WEKA CLUSTER STATUS
================================================================
error: Error: Failed connecting to http://127.0.0.1:14000/api/v1. Make sure weka is running on this host by running
	 weka local status | start

================================================================
4. WEKA ALERT DETAILS
================================================================
error: Error: Failed connecting to http://127.0.0.1:14000/api/v1. Make sure weka is running on this host by running
	 weka local status | start

================================================================
5. LOCAL WEKA CONTAINERS
================================================================
CONTAINER  STATE  DISABLED  UPTIME  MONITORING  PERSISTENT  PORT  PID  STATUS  VERSION  LAST FAILURE

================================================================
6. WEKA SYSTEMD SERVICES
================================================================

---------------- weka-agent.service ----------------
MainPID=50305
Result=success
LoadState=loaded
ActiveState=active
SubState=running
UnitFileState=enabled

---------------- weka-bootstrap.service ----------------
MainPID=0
Result=success
LoadState=loaded
ActiveState=inactive
SubState=dead
UnitFileState=enabled

---------------- weka-roce.service ----------------
MainPID=0
Result=success
LoadState=loaded
ActiveState=active
SubState=exited
UnitFileState=enabled

================================================================
7. WEKA SERVICE DEPENDENCIES
================================================================
weka-agent Requires:
system.slice sysinit.target -.mount weka-roce.service

weka-agent After:
network-online.target weka-roce.service sysinit.target systemd-journald.socket network.target -.mount system.slice basic.target rpcbind.service

Requires=sysinit.target system.slice weka-agent.service
Wants=
Before=shutdown.target multi-user.target
After=sysinit.target systemd-journald.socket network-online.target weka-agent.service basic.target system.slice

================================================================
8. ACTIVE WEKA FILESYSTEM MOUNTS
================================================================
No active wekafs mounts.

================================================================
9. ROCE NIC DISCOVERY
================================================================
Selected RoCE interfaces:
  ens4047f0np0
  ens4047f1np1

RDMA mapping:
mlx5_0 port 1 ==> ens4047f0np0 (Up)
mlx5_1 port 1 ==> ens4047f1np1 (Up)

RDMA link state:
link mlx5_0/1 state ACTIVE physical_state LINK_UP netdev ens4047f0np0 
link mlx5_1/1 state ACTIVE physical_state LINK_UP netdev ens4047f1np1 

================================================================
10. NETWORK AND RDMA INTERFACE STATE
================================================================

================ ens4047f0np0 ================
ens4047f0np0     UP             10.200.66.1/31 
2: ens4047f0np0: <BROADCAST,MULTICAST,UP,LOWER_UP> mtu 9000 qdisc mq state UP mode DEFAULT group default qlen 1000
    link/ether a0:88:c2:d5:63:e2 brd ff:ff:ff:ff:ff:ff promiscuity 0  allmulti 0 minmtu 68 maxmtu 9978 addrgenmode none numtxqueues 768 numrxqueues 63 gso_max_size 65536 gso_max_segs 65535 tso_max_size 524280 tso_max_segs 65535 gro_max_size 65536 portname p0 switchid e263d50003c288a0 parentbus pci parentdev 0000:33:00.0 
    altname enp51s0f0np0

driver: mlx5_core
version: 24.10-3.2.5
firmware-version: 28.36.1700 (MT_0000000834)
expansion-rom-version: 
bus-info: 0000:33:00.0
supports-statistics: yes
supports-test: yes
supports-eeprom-access: no
supports-register-dump: no
supports-priv-flags: yes

	Speed: 200000Mb/s
	Duplex: Full
	Auto-negotiation: on
	Link detected: yes

================ ens4047f1np1 ================
ens4047f1np1     UP             10.200.66.3/31 
4: ens4047f1np1: <BROADCAST,MULTICAST,UP,LOWER_UP> mtu 9000 qdisc mq state UP mode DEFAULT group default qlen 1000
    link/ether a0:88:c2:d5:63:e3 brd ff:ff:ff:ff:ff:ff promiscuity 0  allmulti 0 minmtu 68 maxmtu 9978 addrgenmode none numtxqueues 768 numrxqueues 63 gso_max_size 65536 gso_max_segs 65535 tso_max_size 524280 tso_max_segs 65535 gro_max_size 65536 portname p1 switchid e263d50003c288a0 parentbus pci parentdev 0000:33:00.1 
    altname enp51s0f1np1

driver: mlx5_core
version: 24.10-3.2.5
firmware-version: 28.36.1700 (MT_0000000834)
expansion-rom-version: 
bus-info: 0000:33:00.1
supports-statistics: yes
supports-test: yes
supports-eeprom-access: no
supports-register-dump: no
supports-priv-flags: yes

	Speed: 200000Mb/s
	Duplex: Full
	Auto-negotiation: on
	Link detected: yes

================================================================
11. CURRENT ROCE QOS SETTINGS
================================================================

================ ens4047f0np0 ================
DCBX mode: OS controlled
Priority trust state: dscp
dscp2prio mapping:
	prio:0 dscp:07,06,05,04,03,02,01,00,
	prio:1 dscp:15,14,13,12,11,10,09,08,
	prio:2 dscp:23,22,21,20,19,18,17,16,
	prio:3 dscp:31,30,29,28,27,26,25,24,
	prio:4 dscp:39,38,37,36,35,34,33,32,
	prio:5 dscp:47,46,45,44,43,42,41,40,
	prio:6 dscp:55,54,53,52,51,50,49,48,
	prio:7 dscp:63,62,61,60,59,58,57,56,
default priority:
Receive buffer size (bytes): 19872,355104,0,0,0,0,0,0,max_buffer_size=2069280
Cable len: 7
PFC configuration:
	priority    0   1   2   3   4   5   6   7
	enabled     0   0   0   1   0   0   0   0   
	buffer      0   0   0   1   0   0   0   0   
tc: 0 ratelimit: unlimited, tsa: vendor
	 priority:  1
tc: 1 ratelimit: unlimited, tsa: vendor
	 priority:  0
tc: 2 ratelimit: unlimited, tsa: vendor
	 priority:  2
tc: 3 ratelimit: unlimited, tsa: vendor
	 priority:  3
tc: 4 ratelimit: unlimited, tsa: vendor
	 priority:  4
tc: 5 ratelimit: unlimited, tsa: vendor
	 priority:  5
tc: 6 ratelimit: unlimited, tsa: vendor
	 priority:  6
tc: 7 ratelimit: unlimited, tsa: vendor
	 priority:  7

================ ens4047f1np1 ================
DCBX mode: OS controlled
Priority trust state: dscp
dscp2prio mapping:
	prio:0 dscp:07,06,05,04,03,02,01,00,
	prio:1 dscp:15,14,13,12,11,10,09,08,
	prio:2 dscp:23,22,21,20,19,18,17,16,
	prio:3 dscp:31,30,29,28,27,26,25,24,
	prio:4 dscp:39,38,37,36,35,34,33,32,
	prio:5 dscp:47,46,45,44,43,42,41,40,
	prio:6 dscp:55,54,53,52,51,50,49,48,
	prio:7 dscp:63,62,61,60,59,58,57,56,
default priority:
Receive buffer size (bytes): 19872,355104,0,0,0,0,0,0,max_buffer_size=2069280
Cable len: 7
PFC configuration:
	priority    0   1   2   3   4   5   6   7
	enabled     0   0   0   1   0   0   0   0   
	buffer      0   0   0   1   0   0   0   0   
tc: 0 ratelimit: unlimited, tsa: vendor
	 priority:  1
tc: 1 ratelimit: unlimited, tsa: vendor
	 priority:  0
tc: 2 ratelimit: unlimited, tsa: vendor
	 priority:  2
tc: 3 ratelimit: unlimited, tsa: vendor
	 priority:  3
tc: 4 ratelimit: unlimited, tsa: vendor
	 priority:  4
tc: 5 ratelimit: unlimited, tsa: vendor
	 priority:  5
tc: 6 ratelimit: unlimited, tsa: vendor
	 priority:  6
tc: 7 ratelimit: unlimited, tsa: vendor
	 priority:  7

================================================================
12. RDMA TRAFFIC CLASS
================================================================

ens4047f0np0 -> mlx5_0: Global tclass=106

ens4047f1np1 -> mlx5_1: Global tclass=106

================================================================
13. TCP ECN
================================================================
net.ipv4.tcp_ecn = 1

================================================================
14. ROCE PERSISTENCE CONFIGURATION
================================================================
NOT PRESENT: /etc/weka-roce.conf
NOT PRESENT: /etc/sysctl.d/99-weka-roce.conf
-rwxr-xr-x 1 root root 3035 Jul 23 18:39 /usr/local/sbin/weka-roce-startup.sh
-rwxr-xr-x 1 root root 3989 Jul 23 18:49 /usr/local/sbin/weka-roce-config.sh
-rw-r--r-- 1 root root 357 Jul 23 18:34 /etc/systemd/system/weka-roce.service
-rw-r--r-- 1 root root 58 Jul 23 18:34 /etc/systemd/system/weka-agent.service.d/10-roce.conf

================================================================
15. OTHER ROCE CONFIGURATION SOURCES
================================================================
/usr/local/sbin/weka-roce-startup.sh:41:for command_name in ip ethtool ibdev2netdev mlnx_qos sysctl; do
/usr/local/sbin/weka-roce-startup.sh:83:tcp_ecn="$(sysctl -n net.ipv4.tcp_ecn)"
/usr/local/sbin/weka-roce-startup.sh:85:[[ "${tcp_ecn}" == "1" ]] ||
/usr/local/sbin/weka-roce-startup.sh:86:    fail "net.ipv4.tcp_ecn is ${tcp_ecn}; expected 1"
/usr/local/sbin/weka-roce-startup.sh:90:    qos_output="$(mlnx_qos -i "${nic}")"
/usr/local/sbin/weka-roce-startup.sh:91:    tc_file="/sys/class/infiniband/${ibdev}/tc/1/traffic_class"
/usr/local/sbin/weka-roce-config.sh:7:                if ! command -v mlnx_qos >/dev/null 2>&1 || ! command -v cma_roce_tos >/dev/null 2>&1; then
/usr/local/sbin/weka-roce-config.sh:12:                if ! command -v mlnx_qos >/dev/null 2>&1 || ! command -v cma_roce_tos >/dev/null 2>&1; then
/usr/local/sbin/weka-roce-config.sh:19:            sysctl -w net.ipv4.tcp_ecn=1
/usr/local/sbin/weka-roce-config.sh:32:                    if mlnx_qos -i $netdev --trust dscp; then
/usr/local/sbin/weka-roce-config.sh:39:                    if mlnx_qos -i $netdev --pfc 0,0,0,1,0,0,0,0; then
/usr/local/sbin/weka-roce-config.sh:45:                    mlnx_qos -i $netdev | head -20
/usr/local/sbin/weka-roce-config.sh:49:                if [ -w /sys/class/infiniband/$ibdev/tc/1/traffic_class ]; then
/usr/local/sbin/weka-roce-config.sh:50:                    echo 106 > /sys/class/infiniband/$ibdev/tc/1/traffic_class
/usr/local/sbin/weka-roce-config.sh:51:                    echo "Set traffic_class to 106 for $ibdev"
/usr/local/sbin/weka-roce-config.sh:53:                    echo "Could not set traffic_class for $ibdev"
/usr/local/sbin/weka-roce-config.sh:65:						# cma_roce_tos sets the Type of Service (TOS) for RoCE traffic (106) for proper priority handling
/usr/local/sbin/weka-roce-config.sh:70:                    cma_roce_tos -d "$nic_name" -t 106 || echo "Failed to set CMA RoCE TOS for $nic_name"
/root/new_client_roce.sh:7:                if ! command -v mlnx_qos >/dev/null 2>&1 || ! command -v cma_roce_tos >/dev/null 2>&1; then
/root/new_client_roce.sh:12:                if ! command -v mlnx_qos >/dev/null 2>&1 || ! command -v cma_roce_tos >/dev/null 2>&1; then
/root/new_client_roce.sh:19:            sysctl -w net.ipv4.tcp_ecn=1
/root/new_client_roce.sh:32:                    if mlnx_qos -i $netdev --trust dscp; then
/root/new_client_roce.sh:39:                    if mlnx_qos -i $netdev --pfc 0,0,0,1,0,0,0,0; then
/root/new_client_roce.sh:45:                    mlnx_qos -i $netdev | head -20
/root/new_client_roce.sh:49:                if [ -w /sys/class/infiniband/$ibdev/tc/1/traffic_class ]; then
/root/new_client_roce.sh:50:                    echo 106 > /sys/class/infiniband/$ibdev/tc/1/traffic_class
/root/new_client_roce.sh:51:                    echo "Set traffic_class to 106 for $ibdev"
/root/new_client_roce.sh:53:                    echo "Could not set traffic_class for $ibdev"
/root/new_client_roce.sh:65:						# cma_roce_tos sets the Type of Service (TOS) for RoCE traffic (106) for proper priority handling
/root/new_client_roce.sh:70:                    cma_roce_tos -d "$nic_name" -t 106 || echo "Failed to set CMA RoCE TOS for $nic_name"
/root/roce_clients.sh:7:#  - Enable TCP ECN (net.ipv4.tcp_ecn=1)
/root/roce_clients.sh:8:#  - Set RoCE traffic class (TC/ToS) = 96 on BOTH mlx5_* devices (tc/1/traffic_class)
/root/roce_clients.sh:9:#  - Verification (PASS/FAIL per NIC + sysctls + traffic_class)
/root/roce_clients.sh:17:# RoCE traffic class value (decimal) to write into /sys/class/infiniband/mlx5_*/tc/1/traffic_class
/root/roce_clients.sh:29:  - TC is applied to ALL /sys/class/infiniband/mlx5_*/tc/1/traffic_class paths found (both ports).
/root/roce_clients.sh:72:need_cmd mlnx_qos
/root/roce_clients.sh:79:echo "==> RoCE traffic_class value: ${ROCE_TC_VALUE}"
/root/roce_clients.sh:88:echo "==> Enable TCP ECN: sysctl -w net.ipv4.tcp_ecn=1"
/root/roce_clients.sh:89:sysctl -w net.ipv4.tcp_ecn=1 >/dev/null
/root/roce_clients.sh:90:echo "    net.ipv4.tcp_ecn=$(sysctl -n net.ipv4.tcp_ecn)"
/root/roce_clients.sh:94:echo "==> Set RoCE traffic_class to ${ROCE_TC_VALUE} for all /sys/class/infiniband/mlx5_*/tc/1/traffic_class"
/root/roce_clients.sh:96:for p in /sys/class/infiniband/mlx5_*/tc/1/traffic_class; do
/root/roce_clients.sh:101:    echo "    ${dev}: tc/1 traffic_class=$(cat "${p}")"
/root/roce_clients.sh:105:  echo "WARN: no traffic_class paths found under /sys/class/infiniband/mlx5_*/tc/1/traffic_class"
/root/roce_clients.sh:106:  echo "      Check: ls -l /sys/class/infiniband/*/tc/*/traffic_class"
/root/roce_clients.sh:127:  mlnx_qos -i "${nic}" --trust dscp >/dev/null
/root/roce_clients.sh:130:  mlnx_qos -i "${nic}" --pfc 0,0,0,1,0,0,0,0 >/dev/null
/root/roce_clients.sh:135:# Helper: extract prio3 value from mlnx_qos lines reliably
/root/roce_clients.sh:140:  mlnx_qos -i "${nic}" 2>/dev/null \
/root/roce_clients.sh:149:  echo "    ECN: net.ipv4.tcp_ecn=$(sysctl -n net.ipv4.tcp_ecn 2>/dev/null || echo NA)"
/root/roce_clients.sh:150:  echo "    traffic_class:"
/root/roce_clients.sh:152:  for p in /sys/class/infiniband/mlx5_*/tc/1/traffic_class; do
/root/roce_clients.sh:158:      echo "      ${dev}: PASS (tc/1 traffic_class=${val})"
/root/roce_clients.sh:160:      echo "      ${dev}: FAIL (tc/1 traffic_class=${val}, expected ${ROCE_TC_VALUE})"
/root/roce_clients.sh:163:  [[ "${any_tc}" -eq 0 ]] && echo "      WARN: no mlx5_*/tc/1/traffic_class found"
/root/roce_clients.sh:174:    trust="$(mlnx_qos -i "${nic}" 2>/dev/null | awk -F": *" '/Priority trust state/ {print $2; exit}' | awk '{print $NF}')"
/root/roce_clients.sh:182:      echo "  ---- mlnx_qos key lines (${nic}) ----"
/root/roce_clients.sh:183:      mlnx_qos -i "${nic}" | egrep -i 'Priority trust state|PFC configuration|^[[:space:]]*enabled|^[[:space:]]*buffer|Receive buffer size' || true

================================================================
16. NETWORK-ONLINE STATUS
================================================================
Result=exit-code
ActiveState=failed
SubState=failed
Current-boot wait-online timeout count: 1

================================================================
17. RELEVANT CURRENT-BOOT WARNINGS
================================================================
Sep 29 20:12:10 weka66 (udev-worker)[2186]: ens4047f1np1: Process '/usr/bin/killall -q -SIGHUP irqbalance' failed with exit code 1.
Sep 29 20:12:10 weka66 (udev-worker)[2283]: ens4047f0np0: Process '/usr/bin/killall -q -SIGHUP irqbalance' failed with exit code 1.
Sep 29 20:12:11 weka66 kernel: 4xxx 0000:01:00.0: QAT: Failed to enable AER, error code -5
Sep 29 20:12:12 weka66 kernel: 4xxx 0000:06:00.0: QAT: Failed to enable AER, error code -5
Sep 29 20:12:14 weka66 kernel: 4xxx 0000:81:00.0: QAT: Failed to enable AER, error code -5
Sep 29 20:12:16 weka66 kernel: 4xxx 0000:86:00.0: QAT: Failed to enable AER, error code -5
Sep 29 20:14:13 weka66 systemd-networkd-wait-online[3092]: Timeout occurred while waiting for network connectivity.
Sep 29 20:14:13 weka66 systemd[1]: Failed to start systemd-networkd-wait-online.service - Wait for Network to be Configured.
Sep 29 20:14:13 weka66 systemd[1]: systemd-networkd-wait-online.service: Failed with result 'exit-code'.
Sep 29 20:14:29 weka66 systemd[1]: Failed to start slurmctld.service - Slurm controller daemon.
Sep 29 20:14:29 weka66 systemd[1]: slurmctld.service: Failed with result 'exit-code'.
Sep 29 21:02:40 weka66 systemd-networkd-wait-online[84860]: Timeout occurred while waiting for network connectivity.
Sep 30 00:04:11 weka66 systemd-networkd-wait-online[86018]: Timeout occurred while waiting for network connectivity.
Sep 30 06:03:30 weka66 systemd-networkd-wait-online[87136]: Timeout occurred while waiting for network connectivity.
Sep 30 16:06:10 weka66 systemd-networkd-wait-online[88196]: Timeout occurred while waiting for network connectivity.

================================================================
18. PRE-CHECK SUMMARY
================================================================
CHECK                                RESULT  DETAIL
------------------------------------ ------- ------------------------------------------------
Required commands                    PASS    All required commands are available
Host role                            PASS    client; Role explicitly provided
WEKA cluster status                  INFO    Local cluster API unavailable on containerless client
WEKA protection                      INFO    Validate protection from backend or management host
WEKA active alerts                   INFO    Local alert API unavailable on containerless client
Local WEKA containers                PASS    No local client containers configured
weka-agent.service                   PASS    Active and running
weka-bootstrap.service               PASS    Unit loaded; last result success
weka-roce.service                    PASS    Installed, active, and successful
RoCE/WEKA startup order              PASS    weka-agent requires and starts after weka-roce
Active WEKA mounts                   PASS    No active wekafs mounts
RoCE NIC discovery                   PASS    2 interface(s) selected
ens4047f0np0 link/RDMA               PASS    mlx5_0, 200000Mb/s, MTU 9000, ACTIVE
ens4047f0np0 MTU                     PASS    MTU 9000
ens4047f1np1 link/RDMA               PASS    mlx5_1, 200000Mb/s, MTU 9000, ACTIVE
ens4047f1np1 MTU                     PASS    MTU 9000
ens4047f0np0 DSCP trust              PASS    Trust mode is DSCP
ens4047f0np0 PFC                     PASS    PFC enabled on priority 3 only
ens4047f1np1 DSCP trust              PASS    Trust mode is DSCP
ens4047f1np1 PFC                     PASS    PFC enabled on priority 3 only
ens4047f0np0 traffic class           PASS    mlx5_0 TOS 106
ens4047f1np1 traffic class           PASS    mlx5_1 TOS 106
TCP ECN                              PASS    net.ipv4.tcp_ecn=1
RoCE persistence files               INFO    4 persistence component(s) present
Other RoCE config sources            INFO    4 possible source file(s); review output
network-online wait                  WARN    1 timeout event(s) in current boot
Relevant boot warnings               WARN    15 matching line(s); review output

----------------------------------------------------------------
PASS: 20   WARN: 2   FAIL: 0   INFO: 5
----------------------------------------------------------------

Overall assessment: READY AFTER WARNING REVIEW
Host:               weka66
Detected role:      client
Role reason:        Role explicitly provided
Expected traffic:   TOS 106
RoCE interfaces:    ens4047f0np0 ens4047f1np1
Report:              /root/roce-precheck-reports/weka66-roce-precheck-20260930-220556.log

Suggested deployment command:

/root/deploy-weka-roce.sh \
  --role client \
  --nics ens4047f0np0,ens4047f1np1 \
  --tos 106

No configuration changes were made.
Connection to 172.31.18.66 closed.
