===== HOST AND BOOT =====
weka72
 22:06:22 up 1 day, 21:52,  1 user,  load average: 0.00, 0.00, 0.00
===== RDMA INTERFACES =====
link mlx5_0/1 state ACTIVE physical_state LINK_UP netdev ens4047f0np0 
link mlx5_1/1 state ACTIVE physical_state LINK_UP netdev ens4047f1np1 
mlx5_0 port 1 ==> ens4047f0np0 (Up)
mlx5_1 port 1 ==> ens4047f1np1 (Up)
===== EXISTING ROCE SERVICE =====
===== EXISTING WEKA DEPENDENCIES =====
[?1h=Requires=system.slice -.mount sysinit.target[m
After=network.target rpcbind.service sysinit.target network-online.target system.slice basic.target systemd-journald.socket -.mount[m
[K[?1l>===== EXISTING PERSISTENCE CONFIG =====
===== FULL PRECHECK =====

================================================================
1. REQUIRED COMMANDS
================================================================
PASS  weka
PASS  ip
PASS  ethtool
PASS  ibdev2netdev
PASS  rdma
PASS  mlnx_qos
PASS  sysctl
PASS  systemctl
PASS  journalctl
PASS  findmnt
PASS  awk
PASS  sed
PASS  grep
PASS  sort
PASS  head
PASS  tail
PASS  tr
PASS  wc

WEKA RoCE Read-Only Pre-Check

Host:             weka72
Requested role:   client
Detected role:    client
Role reason:      Role explicitly provided
Expected TOS:     106
Date:             Wed Sep 30 22:06:22 UTC 2026
Report:           /root/roce-precheck-reports/weka72-roce-precheck-20260930-220622.log

No configuration changes will be made.

================================================================
2. SYSTEM INFORMATION
================================================================
Wed Sep 30 22:06:22 UTC 2026
 Static hostname: weka72
       Icon name: computer-server
         Chassis: server 🖳
      Machine ID: f6ffb6040ef74eeb97d486602ffa916c
         Boot ID: abce25f7d5844f9bb0107cc63e383aeb
Operating System: Ubuntu 24.04.4 LTS
          Kernel: Linux 6.8.0-85-generic
    Architecture: x86-64
 Hardware Vendor: Supermicro
  Hardware Model: SYS-222BT-HER
Firmware Version: 1.3
   Firmware Date: Tue 2025-04-22
    Firmware Age: 1y 5month 1w 2d
 22:06:22 up 1 day, 21:52,  1 user,  load average: 0.00, 0.00, 0.00
6.8.0-85-generic

================================================================
3. WEKA CLUSTER STATUS
================================================================
error: Error: Failed connecting to http://127.0.0.1:14000/api/v1. Make sure weka is running on this host by running
	 weka local status | start

================================================================
4. WEKA ALERT DETAILS
================================================================
error: Error: Failed connecting to http://127.0.0.1:14000/api/v1. Make sure weka is running on this host by running
	 weka local status | start

================================================================
5. LOCAL WEKA CONTAINERS
================================================================
CONTAINER  STATE  DISABLED  UPTIME  MONITORING  PERSISTENT  PORT  PID  STATUS  VERSION  LAST FAILURE

================================================================
6. WEKA SYSTEMD SERVICES
================================================================

---------------- weka-agent.service ----------------
MainPID=3183
Result=success
LoadState=loaded
ActiveState=active
SubState=running
UnitFileState=enabled

---------------- weka-bootstrap.service ----------------
MainPID=0
Result=success
LoadState=loaded
ActiveState=inactive
SubState=dead
UnitFileState=enabled

---------------- weka-roce.service ----------------
MainPID=0
Result=success
LoadState=not-found
ActiveState=inactive
SubState=dead
UnitFileState=

================================================================
7. WEKA SERVICE DEPENDENCIES
================================================================
weka-agent Requires:
system.slice -.mount sysinit.target

weka-agent After:
network.target rpcbind.service sysinit.target network-online.target system.slice basic.target systemd-journald.socket -.mount

Requires=weka-agent.service sysinit.target system.slice
Wants=
Before=multi-user.target shutdown.target
After=systemd-journald.socket system.slice weka-agent.service sysinit.target network-online.target basic.target

================================================================
8. ACTIVE WEKA FILESYSTEM MOUNTS
================================================================
No active wekafs mounts.

================================================================
9. ROCE NIC DISCOVERY
================================================================
Selected RoCE interfaces:
  ens4047f0np0
  ens4047f1np1

RDMA mapping:
mlx5_0 port 1 ==> ens4047f0np0 (Up)
mlx5_1 port 1 ==> ens4047f1np1 (Up)

RDMA link state:
link mlx5_0/1 state ACTIVE physical_state LINK_UP netdev ens4047f0np0 
link mlx5_1/1 state ACTIVE physical_state LINK_UP netdev ens4047f1np1 

================================================================
10. NETWORK AND RDMA INTERFACE STATE
================================================================

================ ens4047f0np0 ================
ens4047f0np0     UP             10.200.72.1/31 
2: ens4047f0np0: <BROADCAST,MULTICAST,UP,LOWER_UP> mtu 9000 qdisc mq state UP mode DEFAULT group default qlen 1000
    link/ether a0:88:c2:d5:64:02 brd ff:ff:ff:ff:ff:ff promiscuity 0  allmulti 0 minmtu 68 maxmtu 9978 addrgenmode none numtxqueues 768 numrxqueues 63 gso_max_size 65536 gso_max_segs 65535 tso_max_size 524280 tso_max_segs 65535 gro_max_size 65536 portname p0 switchid 0264d50003c288a0 parentbus pci parentdev 0000:33:00.0 
    altname enp51s0f0np0

driver: mlx5_core
version: 24.10-3.2.5
firmware-version: 28.41.1000 (MT_0000000834)
expansion-rom-version: 
bus-info: 0000:33:00.0
supports-statistics: yes
supports-test: yes
supports-eeprom-access: no
supports-register-dump: no
supports-priv-flags: yes

	Speed: 200000Mb/s
	Duplex: Full
	Auto-negotiation: on
	Link detected: yes

================ ens4047f1np1 ================
ens4047f1np1     UP             10.200.72.3/31 
4: ens4047f1np1: <BROADCAST,MULTICAST,UP,LOWER_UP> mtu 9000 qdisc mq state UP mode DEFAULT group default qlen 1000
    link/ether a0:88:c2:d5:64:03 brd ff:ff:ff:ff:ff:ff promiscuity 0  allmulti 0 minmtu 68 maxmtu 9978 addrgenmode none numtxqueues 768 numrxqueues 63 gso_max_size 65536 gso_max_segs 65535 tso_max_size 524280 tso_max_segs 65535 gro_max_size 65536 portname p1 switchid 0264d50003c288a0 parentbus pci parentdev 0000:33:00.1 
    altname enp51s0f1np1

driver: mlx5_core
version: 24.10-3.2.5
firmware-version: 28.41.1000 (MT_0000000834)
expansion-rom-version: 
bus-info: 0000:33:00.1
supports-statistics: yes
supports-test: yes
supports-eeprom-access: no
supports-register-dump: no
supports-priv-flags: yes

	Speed: 200000Mb/s
	Duplex: Full
	Auto-negotiation: on
	Link detected: yes

================================================================
11. CURRENT ROCE QOS SETTINGS
================================================================

================ ens4047f0np0 ================
DCBX mode: OS controlled
Priority trust state: pcp
default priority:
Receive buffer size (bytes): 0,355104,0,0,0,0,0,0,max_buffer_size=2069280
Cable len: 7
PFC configuration:
	priority    0   1   2   3   4   5   6   7
	enabled     0   0   0   0   0   0   0   0   
	buffer      1   1   1   1   1   1   1   1   
tc: 0 ratelimit: unlimited, tsa: vendor
	 priority:  1
tc: 1 ratelimit: unlimited, tsa: vendor
	 priority:  0
tc: 2 ratelimit: unlimited, tsa: vendor
	 priority:  2
tc: 3 ratelimit: unlimited, tsa: vendor
	 priority:  3
tc: 4 ratelimit: unlimited, tsa: vendor
	 priority:  4
tc: 5 ratelimit: unlimited, tsa: vendor
	 priority:  5
tc: 6 ratelimit: unlimited, tsa: vendor
	 priority:  6
tc: 7 ratelimit: unlimited, tsa: vendor
	 priority:  7

================ ens4047f1np1 ================
DCBX mode: OS controlled
Priority trust state: pcp
default priority:
Receive buffer size (bytes): 0,355104,0,0,0,0,0,0,max_buffer_size=2069280
Cable len: 7
PFC configuration:
	priority    0   1   2   3   4   5   6   7
	enabled     0   0   0   0   0   0   0   0   
	buffer      1   1   1   1   1   1   1   1   
tc: 0 ratelimit: unlimited, tsa: vendor
	 priority:  1
tc: 1 ratelimit: unlimited, tsa: vendor
	 priority:  0
tc: 2 ratelimit: unlimited, tsa: vendor
	 priority:  2
tc: 3 ratelimit: unlimited, tsa: vendor
	 priority:  3
tc: 4 ratelimit: unlimited, tsa: vendor
	 priority:  4
tc: 5 ratelimit: unlimited, tsa: vendor
	 priority:  5
tc: 6 ratelimit: unlimited, tsa: vendor
	 priority:  6
tc: 7 ratelimit: unlimited, tsa: vendor
	 priority:  7

================================================================
12. RDMA TRAFFIC CLASS
================================================================

ens4047f0np0 -> mlx5_0: 

ens4047f1np1 -> mlx5_1: 

================================================================
13. TCP ECN
================================================================
net.ipv4.tcp_ecn = 2

================================================================
14. ROCE PERSISTENCE CONFIGURATION
================================================================
NOT PRESENT: /etc/weka-roce.conf
NOT PRESENT: /etc/sysctl.d/99-weka-roce.conf
NOT PRESENT: /usr/local/sbin/weka-roce-startup.sh
NOT PRESENT: /usr/local/sbin/weka-roce-config.sh
NOT PRESENT: /etc/systemd/system/weka-roce.service
NOT PRESENT: /etc/systemd/system/weka-agent.service.d/10-roce.conf

================================================================
15. OTHER ROCE CONFIGURATION SOURCES
================================================================
/root/new_client_roce.sh:7:                if ! command -v mlnx_qos >/dev/null 2>&1 || ! command -v cma_roce_tos >/dev/null 2>&1; then
/root/new_client_roce.sh:12:                if ! command -v mlnx_qos >/dev/null 2>&1 || ! command -v cma_roce_tos >/dev/null 2>&1; then
/root/new_client_roce.sh:19:            sysctl -w net.ipv4.tcp_ecn=1
/root/new_client_roce.sh:32:                    if mlnx_qos -i $netdev --trust dscp; then
/root/new_client_roce.sh:39:                    if mlnx_qos -i $netdev --pfc 0,0,0,1,0,0,0,0; then
/root/new_client_roce.sh:45:                    mlnx_qos -i $netdev | head -20
/root/new_client_roce.sh:49:                if [ -w /sys/class/infiniband/$ibdev/tc/1/traffic_class ]; then
/root/new_client_roce.sh:50:                    echo 106 > /sys/class/infiniband/$ibdev/tc/1/traffic_class
/root/new_client_roce.sh:51:                    echo "Set traffic_class to 106 for $ibdev"
/root/new_client_roce.sh:53:                    echo "Could not set traffic_class for $ibdev"
/root/new_client_roce.sh:65:						# cma_roce_tos sets the Type of Service (TOS) for RoCE traffic (106) for proper priority handling
/root/new_client_roce.sh:70:                    cma_roce_tos -d "$nic_name" -t 106 || echo "Failed to set CMA RoCE TOS for $nic_name"
/root/roce_clients.sh:7:#  - Enable TCP ECN (net.ipv4.tcp_ecn=1)
/root/roce_clients.sh:8:#  - Set RoCE traffic class (TC/ToS) = 96 on BOTH mlx5_* devices (tc/1/traffic_class)
/root/roce_clients.sh:9:#  - Verification (PASS/FAIL per NIC + sysctls + traffic_class)
/root/roce_clients.sh:17:# RoCE traffic class value (decimal) to write into /sys/class/infiniband/mlx5_*/tc/1/traffic_class
/root/roce_clients.sh:29:  - TC is applied to ALL /sys/class/infiniband/mlx5_*/tc/1/traffic_class paths found (both ports).
/root/roce_clients.sh:72:need_cmd mlnx_qos
/root/roce_clients.sh:79:echo "==> RoCE traffic_class value: ${ROCE_TC_VALUE}"
/root/roce_clients.sh:88:echo "==> Enable TCP ECN: sysctl -w net.ipv4.tcp_ecn=1"
/root/roce_clients.sh:89:sysctl -w net.ipv4.tcp_ecn=1 >/dev/null
/root/roce_clients.sh:90:echo "    net.ipv4.tcp_ecn=$(sysctl -n net.ipv4.tcp_ecn)"
/root/roce_clients.sh:94:echo "==> Set RoCE traffic_class to ${ROCE_TC_VALUE} for all /sys/class/infiniband/mlx5_*/tc/1/traffic_class"
/root/roce_clients.sh:96:for p in /sys/class/infiniband/mlx5_*/tc/1/traffic_class; do
/root/roce_clients.sh:101:    echo "    ${dev}: tc/1 traffic_class=$(cat "${p}")"
/root/roce_clients.sh:105:  echo "WARN: no traffic_class paths found under /sys/class/infiniband/mlx5_*/tc/1/traffic_class"
/root/roce_clients.sh:106:  echo "      Check: ls -l /sys/class/infiniband/*/tc/*/traffic_class"
/root/roce_clients.sh:127:  mlnx_qos -i "${nic}" --trust dscp >/dev/null
/root/roce_clients.sh:130:  mlnx_qos -i "${nic}" --pfc 0,0,0,1,0,0,0,0 >/dev/null
/root/roce_clients.sh:135:# Helper: extract prio3 value from mlnx_qos lines reliably
/root/roce_clients.sh:140:  mlnx_qos -i "${nic}" 2>/dev/null \
/root/roce_clients.sh:149:  echo "    ECN: net.ipv4.tcp_ecn=$(sysctl -n net.ipv4.tcp_ecn 2>/dev/null || echo NA)"
/root/roce_clients.sh:150:  echo "    traffic_class:"
/root/roce_clients.sh:152:  for p in /sys/class/infiniband/mlx5_*/tc/1/traffic_class; do
/root/roce_clients.sh:158:      echo "      ${dev}: PASS (tc/1 traffic_class=${val})"
/root/roce_clients.sh:160:      echo "      ${dev}: FAIL (tc/1 traffic_class=${val}, expected ${ROCE_TC_VALUE})"
/root/roce_clients.sh:163:  [[ "${any_tc}" -eq 0 ]] && echo "      WARN: no mlx5_*/tc/1/traffic_class found"
/root/roce_clients.sh:174:    trust="$(mlnx_qos -i "${nic}" 2>/dev/null | awk -F": *" '/Priority trust state/ {print $2; exit}' | awk '{print $NF}')"
/root/roce_clients.sh:182:      echo "  ---- mlnx_qos key lines (${nic}) ----"
/root/roce_clients.sh:183:      mlnx_qos -i "${nic}" | egrep -i 'Priority trust state|PFC configuration|^[[:space:]]*enabled|^[[:space:]]*buffer|Receive buffer size' || true

================================================================
16. NETWORK-ONLINE STATUS
================================================================
Result=exit-code
ActiveState=failed
SubState=failed
Current-boot wait-online timeout count: 1

================================================================
17. RELEVANT CURRENT-BOOT WARNINGS
================================================================
Sep 29 00:14:03 weka72 (udev-worker)[2190]: ens4047f0np0: Process '/usr/bin/killall -q -SIGHUP irqbalance' failed with exit code 1.
Sep 29 00:14:03 weka72 (udev-worker)[2213]: ens4047f1np1: Process '/usr/bin/killall -q -SIGHUP irqbalance' failed with exit code 1.
Sep 29 00:14:03 weka72 kernel: Failed to find VA for GUID: 5402385F-F04B-44D8-984C-BEF829AC2AE0, PA: 0x0
Sep 29 00:14:03 weka72 kernel: Failed to find VA for GUID: 77CFBB8C-8F09-4C3B-B7E8-103A65101C60, PA: 0x0
Sep 29 00:14:03 weka72 kernel: Failed to find VA for GUID: A13CDD48-C822-4913-B0CF-3CB46823D376, PA: 0x0
Sep 29 00:14:03 weka72 kernel: Failed to find VA for GUID: F6A58D47-E04F-4F5A-86B8-2A50D4AA109B, PA: 0x0
Sep 29 00:14:04 weka72 kernel: user: probe of wq1.0 failed with error -95
Sep 29 00:14:04 weka72 kernel: user: probe of wq1.1 failed with error -95
Sep 29 00:14:04 weka72 kernel: user: probe of wq1.10 failed with error -95
Sep 29 00:14:04 weka72 kernel: user: probe of wq1.11 failed with error -95
Sep 29 00:14:04 weka72 kernel: user: probe of wq1.12 failed with error -95
Sep 29 00:14:04 weka72 kernel: user: probe of wq1.13 failed with error -95
Sep 29 00:14:04 weka72 kernel: user: probe of wq1.14 failed with error -95
Sep 29 00:14:04 weka72 kernel: user: probe of wq1.15 failed with error -95
Sep 29 00:14:04 weka72 kernel: user: probe of wq1.2 failed with error -95
Sep 29 00:14:04 weka72 kernel: user: probe of wq1.3 failed with error -95
Sep 29 00:14:04 weka72 kernel: user: probe of wq1.4 failed with error -95
Sep 29 00:14:04 weka72 kernel: user: probe of wq1.5 failed with error -95
Sep 29 00:14:04 weka72 kernel: user: probe of wq1.6 failed with error -95
Sep 29 00:14:04 weka72 kernel: user: probe of wq1.7 failed with error -95
Sep 29 00:14:04 weka72 kernel: user: probe of wq1.8 failed with error -95
Sep 29 00:14:04 weka72 kernel: user: probe of wq1.9 failed with error -95
Sep 29 00:14:04 weka72 kernel: user: probe of wq3.0 failed with error -95
Sep 29 00:14:04 weka72 kernel: user: probe of wq3.1 failed with error -95
Sep 29 00:14:04 weka72 kernel: user: probe of wq3.10 failed with error -95
Sep 29 00:14:04 weka72 kernel: user: probe of wq3.11 failed with error -95
Sep 29 00:14:04 weka72 kernel: user: probe of wq3.12 failed with error -95
Sep 29 00:14:04 weka72 kernel: user: probe of wq3.13 failed with error -95
Sep 29 00:14:04 weka72 kernel: user: probe of wq3.14 failed with error -95
Sep 29 00:14:04 weka72 kernel: user: probe of wq3.15 failed with error -95
Sep 29 00:14:04 weka72 kernel: user: probe of wq3.2 failed with error -95
Sep 29 00:14:04 weka72 kernel: user: probe of wq3.3 failed with error -95
Sep 29 00:14:04 weka72 kernel: user: probe of wq3.4 failed with error -95
Sep 29 00:14:04 weka72 kernel: user: probe of wq3.5 failed with error -95
Sep 29 00:14:04 weka72 kernel: user: probe of wq3.6 failed with error -95
Sep 29 00:14:04 weka72 kernel: user: probe of wq3.7 failed with error -95
Sep 29 00:14:04 weka72 kernel: user: probe of wq3.8 failed with error -95
Sep 29 00:14:04 weka72 kernel: user: probe of wq3.9 failed with error -95
Sep 29 00:14:04 weka72 kernel: user: probe of wq5.0 failed with error -95
Sep 29 00:14:04 weka72 kernel: user: probe of wq5.1 failed with error -95
Sep 29 00:14:04 weka72 kernel: user: probe of wq5.10 failed with error -95
Sep 29 00:14:04 weka72 kernel: user: probe of wq5.11 failed with error -95
Sep 29 00:14:04 weka72 kernel: user: probe of wq5.12 failed with error -95
Sep 29 00:14:04 weka72 kernel: user: probe of wq5.13 failed with error -95
Sep 29 00:14:04 weka72 kernel: user: probe of wq5.14 failed with error -95
Sep 29 00:14:04 weka72 kernel: user: probe of wq5.15 failed with error -95
Sep 29 00:14:04 weka72 kernel: user: probe of wq5.2 failed with error -95
Sep 29 00:14:04 weka72 kernel: user: probe of wq5.3 failed with error -95
Sep 29 00:14:04 weka72 kernel: user: probe of wq5.4 failed with error -95
Sep 29 00:14:04 weka72 kernel: user: probe of wq5.5 failed with error -95
Sep 29 00:14:04 weka72 kernel: user: probe of wq5.6 failed with error -95
Sep 29 00:14:04 weka72 kernel: user: probe of wq5.7 failed with error -95
Sep 29 00:14:04 weka72 kernel: user: probe of wq5.8 failed with error -95
Sep 29 00:14:04 weka72 kernel: user: probe of wq5.9 failed with error -95
Sep 29 00:14:04 weka72 kernel: user: probe of wq7.0 failed with error -95
Sep 29 00:14:04 weka72 kernel: user: probe of wq7.1 failed with error -95
Sep 29 00:14:04 weka72 kernel: user: probe of wq7.10 failed with error -95
Sep 29 00:14:04 weka72 kernel: user: probe of wq7.11 failed with error -95
Sep 29 00:14:04 weka72 kernel: user: probe of wq7.12 failed with error -95
Sep 29 00:14:04 weka72 kernel: user: probe of wq7.13 failed with error -95
Sep 29 00:14:04 weka72 kernel: user: probe of wq7.14 failed with error -95
Sep 29 00:14:04 weka72 kernel: user: probe of wq7.15 failed with error -95
Sep 29 00:14:04 weka72 kernel: user: probe of wq7.2 failed with error -95
Sep 29 00:14:04 weka72 kernel: user: probe of wq7.3 failed with error -95
Sep 29 00:14:04 weka72 kernel: user: probe of wq7.4 failed with error -95
Sep 29 00:14:04 weka72 kernel: user: probe of wq7.5 failed with error -95
Sep 29 00:14:04 weka72 kernel: user: probe of wq7.6 failed with error -95
Sep 29 00:14:04 weka72 kernel: user: probe of wq7.7 failed with error -95
Sep 29 00:14:04 weka72 kernel: user: probe of wq7.8 failed with error -95
Sep 29 00:14:04 weka72 kernel: user: probe of wq7.9 failed with error -95
Sep 29 00:16:06 weka72 systemd-networkd-wait-online[3043]: Timeout occurred while waiting for network connectivity.
Sep 29 00:16:06 weka72 systemd[1]: Failed to start systemd-networkd-wait-online.service - Wait for Network to be Configured.
Sep 29 00:16:06 weka72 systemd[1]: systemd-networkd-wait-online.service: Failed with result 'exit-code'.
Sep 29 00:16:16 weka72 systemd[1]: Failed to start slurmctld.service - Slurm controller daemon.
Sep 29 00:16:16 weka72 systemd[1]: slurmctld.service: Failed with result 'exit-code'.
Sep 29 06:30:48 weka72 systemd-networkd-wait-online[5345]: Timeout occurred while waiting for network connectivity.
Sep 29 14:19:51 weka72 systemd-networkd-wait-online[6141]: Timeout occurred while waiting for network connectivity.
Sep 29 18:29:19 weka72 systemd-networkd-wait-online[6542]: Timeout occurred while waiting for network connectivity.
Sep 30 06:09:39 weka72 systemd-networkd-wait-online[8952]: Timeout occurred while waiting for network connectivity.
Sep 30 06:37:39 weka72 systemd-networkd-wait-online[9057]: Timeout occurred while waiting for network connectivity.

================================================================
18. PRE-CHECK SUMMARY
================================================================
CHECK                                RESULT  DETAIL
------------------------------------ ------- ------------------------------------------------
Required commands                    PASS    All required commands are available
Host role                            PASS    client; Role explicitly provided
WEKA cluster status                  INFO    Local cluster API unavailable on containerless client
WEKA protection                      INFO    Validate protection from backend or management host
WEKA active alerts                   INFO    Local alert API unavailable on containerless client
Local WEKA containers                PASS    No local client containers configured
weka-agent.service                   PASS    Active and running
weka-bootstrap.service               PASS    Unit loaded; last result success
weka-roce.service                    INFO    RoCE persistence service not installed
RoCE/WEKA startup order              INFO    Dependency not installed
Active WEKA mounts                   PASS    No active wekafs mounts
RoCE NIC discovery                   PASS    2 interface(s) selected
ens4047f0np0 link/RDMA               PASS    mlx5_0, 200000Mb/s, MTU 9000, ACTIVE
ens4047f0np0 MTU                     PASS    MTU 9000
ens4047f1np1 link/RDMA               PASS    mlx5_1, 200000Mb/s, MTU 9000, ACTIVE
ens4047f1np1 MTU                     PASS    MTU 9000
ens4047f0np0 DSCP trust              FAIL    Priority trust state: pcp
ens4047f0np0 PFC                     FAIL    enabled     0   0   0   0   0   0   0   0   
ens4047f1np1 DSCP trust              FAIL    Priority trust state: pcp
ens4047f1np1 PFC                     FAIL    enabled     0   0   0   0   0   0   0   0   
ens4047f0np0 traffic class           FAIL    mlx5_0 TOS unknown; expected 106
ens4047f1np1 traffic class           FAIL    mlx5_1 TOS unknown; expected 106
TCP ECN                              FAIL    Current value 2; expected 1
RoCE persistence files               INFO    Not installed
Other RoCE config sources            INFO    2 possible source file(s); review output
network-online wait                  WARN    1 timeout event(s) in current boot
Relevant boot warnings               WARN    80 matching line(s); review output

----------------------------------------------------------------
PASS: 11   WARN: 2   FAIL: 7   INFO: 7
----------------------------------------------------------------

Overall assessment: NOT READY
Host:               weka72
Detected role:      client
Role reason:        Role explicitly provided
Expected traffic:   TOS 106
RoCE interfaces:    ens4047f0np0 ens4047f1np1
Report:              /root/roce-precheck-reports/weka72-roce-precheck-20260930-220622.log

Suggested deployment command:

/root/deploy-weka-roce.sh \
  --role client \
  --nics ens4047f0np0,ens4047f1np1 \
  --tos 106

No configuration changes were made.
Connection to 172.31.18.72 closed.
