===== HOST AND BOOT =====
weka63
 22:05:17 up 1 day, 4 min,  2 users,  load average: 0.00, 0.00, 0.00
===== RDMA INTERFACES =====
link mlx5_0/1 state ACTIVE physical_state LINK_UP netdev ens4047np0 
link mlx5_1/1 state ACTIVE physical_state LINK_UP netdev ens3919np0 
mlx5_0 port 1 ==> ens4047np0 (Up)
mlx5_1 port 1 ==> ens3919np0 (Up)
===== EXISTING ROCE SERVICE =====
===== EXISTING WEKA DEPENDENCIES =====
[?1h=Requires=sysinit.target system.slice -.mount[m
After=system.slice systemd-journald.socket sysinit.target rpcbind.service network.target network-online.target basic.target -.mount[m
[K[?1l>===== EXISTING PERSISTENCE CONFIG =====
===== FULL PRECHECK =====

================================================================
1. REQUIRED COMMANDS
================================================================
PASS  weka
PASS  ip
PASS  ethtool
PASS  ibdev2netdev
PASS  rdma
PASS  mlnx_qos
PASS  sysctl
PASS  systemctl
PASS  journalctl
PASS  findmnt
PASS  awk
PASS  sed
PASS  grep
PASS  sort
PASS  head
PASS  tail
PASS  tr
PASS  wc

WEKA RoCE Read-Only Pre-Check

Host:             weka63
Requested role:   client
Detected role:    client
Role reason:      Role explicitly provided
Expected TOS:     106
Date:             Wed Sep 30 22:05:17 UTC 2026
Report:           /root/roce-precheck-reports/weka63-roce-precheck-20260930-220517.log

No configuration changes will be made.

================================================================
2. SYSTEM INFORMATION
================================================================
Wed Sep 30 22:05:17 UTC 2026
 Static hostname: weka63
       Icon name: computer-server
         Chassis: server 🖳
      Machine ID: 5473e5ceda234b45917ae10bbf8e018b
         Boot ID: 2414a68ee1d6416ab3c8fd2b06977fce
Operating System: Ubuntu 24.04.3 LTS
          Kernel: Linux 6.8.0-90-generic
    Architecture: x86-64
 Hardware Vendor: Supermicro
  Hardware Model: SYS-222BT-HER
Firmware Version: 1.3
   Firmware Date: Tue 2025-04-22
    Firmware Age: 1y 5month 1w 2d
 22:05:17 up 1 day, 4 min,  2 users,  load average: 0.00, 0.00, 0.00
6.8.0-90-generic

================================================================
3. WEKA CLUSTER STATUS
================================================================
error: Error: Failed connecting to http://127.0.0.1:14000/api/v1. Make sure weka is running on this host by running
	 weka local status | start

================================================================
4. WEKA ALERT DETAILS
================================================================
error: Error: Failed connecting to http://127.0.0.1:14000/api/v1. Make sure weka is running on this host by running
	 weka local status | start

================================================================
5. LOCAL WEKA CONTAINERS
================================================================
CONTAINER  CONTAINER ID  STATE  STATUS  UPTIME  PID  PORT  VERSION  VALID LEASE  LAST FAILURE

================================================================
6. WEKA SYSTEMD SERVICES
================================================================

---------------- weka-agent.service ----------------
MainPID=3178
Result=success
LoadState=loaded
ActiveState=active
SubState=running
UnitFileState=enabled

---------------- weka-bootstrap.service ----------------
MainPID=0
Result=success
LoadState=loaded
ActiveState=inactive
SubState=dead
UnitFileState=enabled

---------------- weka-roce.service ----------------
MainPID=0
Result=success
LoadState=not-found
ActiveState=inactive
SubState=dead
UnitFileState=

================================================================
7. WEKA SERVICE DEPENDENCIES
================================================================
weka-agent Requires:
sysinit.target system.slice -.mount

weka-agent After:
system.slice systemd-journald.socket sysinit.target rpcbind.service network.target network-online.target basic.target -.mount

Requires=sysinit.target system.slice weka-agent.service
Wants=
Before=multi-user.target shutdown.target
After=sysinit.target basic.target systemd-journald.socket system.slice network-online.target weka-agent.service

================================================================
8. ACTIVE WEKA FILESYSTEM MOUNTS
================================================================
No active wekafs mounts.

================================================================
9. ROCE NIC DISCOVERY
================================================================
Selected RoCE interfaces:
  ens3919np0
  ens4047np0

RDMA mapping:
mlx5_0 port 1 ==> ens4047np0 (Up)
mlx5_1 port 1 ==> ens3919np0 (Up)

RDMA link state:
link mlx5_0/1 state ACTIVE physical_state LINK_UP netdev ens4047np0 
link mlx5_1/1 state ACTIVE physical_state LINK_UP netdev ens3919np0 

================================================================
10. NETWORK AND RDMA INTERFACE STATE
================================================================

================ ens3919np0 ================
ens3919np0       UP             10.200.63.3/31 
4: ens3919np0: <BROADCAST,MULTICAST,UP,LOWER_UP> mtu 9000 qdisc mq state UP mode DEFAULT group default qlen 1000
    link/ether e0:9d:73:1d:d7:04 brd ff:ff:ff:ff:ff:ff promiscuity 0  allmulti 0 minmtu 68 maxmtu 9978 addrgenmode none numtxqueues 768 numrxqueues 63 gso_max_size 65536 gso_max_segs 65535 tso_max_size 524280 tso_max_segs 65535 gro_max_size 65536 portname p0 switchid 04d71d0003739de0 parentbus pci parentdev 0000:b4:00.0 
    altname enp180s0np0

driver: mlx5_core
version: 24.10-3.2.5
firmware-version: 28.46.3048 (MT_0000000838)
expansion-rom-version: 
bus-info: 0000:b4:00.0
supports-statistics: yes
supports-test: yes
supports-eeprom-access: no
supports-register-dump: no
supports-priv-flags: yes

	Speed: 400000Mb/s
	Duplex: Full
	Auto-negotiation: on
	Link detected: yes

================ ens4047np0 ================
ens4047np0       UP             10.200.63.1/31 
2: ens4047np0: <BROADCAST,MULTICAST,UP,LOWER_UP> mtu 9000 qdisc mq state UP mode DEFAULT group default qlen 1000
    link/ether d8:94:24:1d:d5:9c brd ff:ff:ff:ff:ff:ff promiscuity 0  allmulti 0 minmtu 68 maxmtu 9978 addrgenmode none numtxqueues 768 numrxqueues 63 gso_max_size 65536 gso_max_segs 65535 tso_max_size 524280 tso_max_segs 65535 gro_max_size 65536 portname p0 switchid 9cd51d00032494d8 parentbus pci parentdev 0000:33:00.0 
    altname enp51s0np0

driver: mlx5_core
version: 24.10-3.2.5
firmware-version: 28.46.3048 (MT_0000000838)
expansion-rom-version: 
bus-info: 0000:33:00.0
supports-statistics: yes
supports-test: yes
supports-eeprom-access: no
supports-register-dump: no
supports-priv-flags: yes

	Speed: 400000Mb/s
	Duplex: Full
	Auto-negotiation: on
	Link detected: yes

================================================================
11. CURRENT ROCE QOS SETTINGS
================================================================

================ ens3919np0 ================
DCBX mode: OS controlled
Priority trust state: pcp
default priority:
Receive buffer size (bytes): 0,949248,0,0,0,0,0,0,max_buffer_size=4148640
Cable len: 7
PFC configuration:
	priority    0   1   2   3   4   5   6   7
	enabled     0   0   0   0   0   0   0   0   
	buffer      1   1   1   1   1   1   1   1   
tc: 0 ratelimit: unlimited, tsa: vendor
	 priority:  1
tc: 1 ratelimit: unlimited, tsa: vendor
	 priority:  0
tc: 2 ratelimit: unlimited, tsa: vendor
	 priority:  2
tc: 3 ratelimit: unlimited, tsa: vendor
	 priority:  3
tc: 4 ratelimit: unlimited, tsa: vendor
	 priority:  4
tc: 5 ratelimit: unlimited, tsa: vendor
	 priority:  5
tc: 6 ratelimit: unlimited, tsa: vendor
	 priority:  6
tc: 7 ratelimit: unlimited, tsa: vendor
	 priority:  7

================ ens4047np0 ================
DCBX mode: OS controlled
Priority trust state: pcp
default priority:
Receive buffer size (bytes): 0,949248,0,0,0,0,0,0,max_buffer_size=4148640
Cable len: 7
PFC configuration:
	priority    0   1   2   3   4   5   6   7
	enabled     0   0   0   0   0   0   0   0   
	buffer      1   1   1   1   1   1   1   1   
tc: 0 ratelimit: unlimited, tsa: vendor
	 priority:  1
tc: 1 ratelimit: unlimited, tsa: vendor
	 priority:  0
tc: 2 ratelimit: unlimited, tsa: vendor
	 priority:  2
tc: 3 ratelimit: unlimited, tsa: vendor
	 priority:  3
tc: 4 ratelimit: unlimited, tsa: vendor
	 priority:  4
tc: 5 ratelimit: unlimited, tsa: vendor
	 priority:  5
tc: 6 ratelimit: unlimited, tsa: vendor
	 priority:  6
tc: 7 ratelimit: unlimited, tsa: vendor
	 priority:  7

================================================================
12. RDMA TRAFFIC CLASS
================================================================

ens3919np0 -> mlx5_1: 

ens4047np0 -> mlx5_0: 

================================================================
13. TCP ECN
================================================================
net.ipv4.tcp_ecn = 2

================================================================
14. ROCE PERSISTENCE CONFIGURATION
================================================================
NOT PRESENT: /etc/weka-roce.conf
NOT PRESENT: /etc/sysctl.d/99-weka-roce.conf
NOT PRESENT: /usr/local/sbin/weka-roce-startup.sh
NOT PRESENT: /usr/local/sbin/weka-roce-config.sh
NOT PRESENT: /etc/systemd/system/weka-roce.service
NOT PRESENT: /etc/systemd/system/weka-agent.service.d/10-roce.conf

================================================================
15. OTHER ROCE CONFIGURATION SOURCES
================================================================
/root/roce_config.sh:7:                if ! command -v mlnx_qos >/dev/null 2>&1 || ! command -v cma_roce_tos >/dev/null 2>&1; then
/root/roce_config.sh:12:                if ! command -v mlnx_qos >/dev/null 2>&1 || ! command -v cma_roce_tos >/dev/null 2>&1; then
/root/roce_config.sh:19:            sysctl -w net.ipv4.tcp_ecn=1
/root/roce_config.sh:32:                    if mlnx_qos -i "$netdev" --trust dscp; then
/root/roce_config.sh:39:                    if mlnx_qos -i "$netdev" --pfc 0,0,0,1,0,0,0,0; then
/root/roce_config.sh:45:                    mlnx_qos -i "$netdev" | head -20
/root/roce_config.sh:49:                if [ -w /sys/class/infiniband/"$ibdev"/tc/1/traffic_class ]; then
/root/roce_config.sh:50:                    echo 96 > /sys/class/infiniband/"$ibdev"/tc/1/traffic_class
/root/roce_config.sh:51:                    echo "Set traffic_class to 96 for $ibdev"
/root/roce_config.sh:53:                    echo "Could not set traffic_class for $ibdev"
/root/roce_config.sh:65:	    # cma_roce_tos sets the Type of Service (TOS) for RoCE traffic (96) for proper priority handling
/root/roce_config.sh:70:                    cma_roce_tos -d "$nic_name" -t 96 || echo "Failed to set CMA RoCE TOS for $nic_name"

================================================================
16. NETWORK-ONLINE STATUS
================================================================
Result=exit-code
ActiveState=failed
SubState=failed
Current-boot wait-online timeout count: 1

================================================================
17. RELEVANT CURRENT-BOOT WARNINGS
================================================================
Sep 29 22:00:45 weka63 kernel: user: probe of wq3.11 failed with error -95
Sep 29 22:00:45 weka63 kernel: user: probe of wq3.12 failed with error -95
Sep 29 22:00:45 weka63 kernel: user: probe of wq3.13 failed with error -95
Sep 29 22:00:45 weka63 kernel: user: probe of wq3.14 failed with error -95
Sep 29 22:00:45 weka63 kernel: user: probe of wq3.15 failed with error -95
Sep 29 22:00:45 weka63 kernel: user: probe of wq3.2 failed with error -95
Sep 29 22:00:45 weka63 kernel: user: probe of wq3.3 failed with error -95
Sep 29 22:00:45 weka63 kernel: user: probe of wq3.4 failed with error -95
Sep 29 22:00:45 weka63 kernel: user: probe of wq3.5 failed with error -95
Sep 29 22:00:45 weka63 kernel: user: probe of wq3.6 failed with error -95
Sep 29 22:00:45 weka63 kernel: user: probe of wq3.7 failed with error -95
Sep 29 22:00:45 weka63 kernel: user: probe of wq3.8 failed with error -95
Sep 29 22:00:45 weka63 kernel: user: probe of wq3.9 failed with error -95
Sep 29 22:00:45 weka63 kernel: user: probe of wq5.0 failed with error -95
Sep 29 22:00:45 weka63 kernel: user: probe of wq5.1 failed with error -95
Sep 29 22:00:45 weka63 kernel: user: probe of wq5.10 failed with error -95
Sep 29 22:00:45 weka63 kernel: user: probe of wq5.11 failed with error -95
Sep 29 22:00:45 weka63 kernel: user: probe of wq5.12 failed with error -95
Sep 29 22:00:45 weka63 kernel: user: probe of wq5.13 failed with error -95
Sep 29 22:00:45 weka63 kernel: user: probe of wq5.14 failed with error -95
Sep 29 22:00:45 weka63 kernel: user: probe of wq5.15 failed with error -95
Sep 29 22:00:45 weka63 kernel: user: probe of wq5.2 failed with error -95
Sep 29 22:00:45 weka63 kernel: user: probe of wq5.3 failed with error -95
Sep 29 22:00:45 weka63 kernel: user: probe of wq5.4 failed with error -95
Sep 29 22:00:45 weka63 kernel: user: probe of wq5.5 failed with error -95
Sep 29 22:00:45 weka63 kernel: user: probe of wq5.6 failed with error -95
Sep 29 22:00:45 weka63 kernel: user: probe of wq5.7 failed with error -95
Sep 29 22:00:45 weka63 kernel: user: probe of wq5.8 failed with error -95
Sep 29 22:00:45 weka63 kernel: user: probe of wq5.9 failed with error -95
Sep 29 22:00:45 weka63 kernel: user: probe of wq7.0 failed with error -95
Sep 29 22:00:45 weka63 kernel: user: probe of wq7.1 failed with error -95
Sep 29 22:00:45 weka63 kernel: user: probe of wq7.10 failed with error -95
Sep 29 22:00:45 weka63 kernel: user: probe of wq7.11 failed with error -95
Sep 29 22:00:45 weka63 kernel: user: probe of wq7.12 failed with error -95
Sep 29 22:00:45 weka63 kernel: user: probe of wq7.13 failed with error -95
Sep 29 22:00:45 weka63 kernel: user: probe of wq7.14 failed with error -95
Sep 29 22:00:45 weka63 kernel: user: probe of wq7.15 failed with error -95
Sep 29 22:00:45 weka63 kernel: user: probe of wq7.2 failed with error -95
Sep 29 22:00:45 weka63 kernel: user: probe of wq7.3 failed with error -95
Sep 29 22:00:45 weka63 kernel: user: probe of wq7.4 failed with error -95
Sep 29 22:00:45 weka63 kernel: user: probe of wq7.5 failed with error -95
Sep 29 22:00:45 weka63 kernel: user: probe of wq7.6 failed with error -95
Sep 29 22:00:45 weka63 kernel: user: probe of wq7.7 failed with error -95
Sep 29 22:00:45 weka63 kernel: user: probe of wq7.8 failed with error -95
Sep 29 22:00:45 weka63 kernel: user: probe of wq7.9 failed with error -95
Sep 29 22:02:46 weka63 systemd-networkd-wait-online[3076]: Timeout occurred while waiting for network connectivity.
Sep 29 22:02:46 weka63 systemd[1]: Failed to start systemd-networkd-wait-online.service - Wait for Network to be Configured.
Sep 29 22:02:46 weka63 systemd[1]: systemd-networkd-wait-online.service: Failed with result 'exit-code'.
Sep 29 22:54:48 weka63 systemd[1]: Failed to start fwupd-refresh.service - Refresh fwupd metadata and update motd.
Sep 29 22:54:48 weka63 systemd[1]: fwupd-refresh.service: Failed with result 'exit-code'.
Sep 29 23:35:43 weka63 systemd[1]: Failed to start fwupd-refresh.service - Refresh fwupd metadata and update motd.
Sep 29 23:35:43 weka63 systemd[1]: fwupd-refresh.service: Failed with result 'exit-code'.
Sep 30 00:02:53 weka63 systemd-networkd-wait-online[5646]: Timeout occurred while waiting for network connectivity.
Sep 30 00:24:08 weka63 systemd[1]: Failed to start fwupd-refresh.service - Refresh fwupd metadata and update motd.
Sep 30 00:24:08 weka63 systemd[1]: fwupd-refresh.service: Failed with result 'exit-code'.
Sep 30 01:40:43 weka63 systemd[1]: Failed to start fwupd-refresh.service - Refresh fwupd metadata and update motd.
Sep 30 01:40:43 weka63 systemd[1]: fwupd-refresh.service: Failed with result 'exit-code'.
Sep 30 02:10:43 weka63 systemd[1]: Failed to start fwupd-refresh.service - Refresh fwupd metadata and update motd.
Sep 30 02:10:43 weka63 systemd[1]: fwupd-refresh.service: Failed with result 'exit-code'.
Sep 30 03:24:41 weka63 systemd[1]: Failed to start fwupd-refresh.service - Refresh fwupd metadata and update motd.
Sep 30 03:24:41 weka63 systemd[1]: fwupd-refresh.service: Failed with result 'exit-code'.
Sep 30 04:20:53 weka63 systemd[1]: Failed to start fwupd-refresh.service - Refresh fwupd metadata and update motd.
Sep 30 04:20:53 weka63 systemd[1]: fwupd-refresh.service: Failed with result 'exit-code'.
Sep 30 05:40:51 weka63 systemd[1]: Failed to start fwupd-refresh.service - Refresh fwupd metadata and update motd.
Sep 30 05:40:51 weka63 systemd[1]: fwupd-refresh.service: Failed with result 'exit-code'.
Sep 30 06:25:31 weka63 systemd-networkd-wait-online[6803]: Timeout occurred while waiting for network connectivity.
Sep 30 06:54:53 weka63 systemd[1]: Failed to start fwupd-refresh.service - Refresh fwupd metadata and update motd.
Sep 30 06:54:53 weka63 systemd[1]: fwupd-refresh.service: Failed with result 'exit-code'.
Sep 30 07:07:19 weka63 systemd[1]: Failed to start fwupd-refresh.service - Refresh fwupd metadata and update motd.
Sep 30 07:07:19 weka63 systemd[1]: fwupd-refresh.service: Failed with result 'exit-code'.
Sep 30 08:29:28 weka63 systemd[1]: Failed to start fwupd-refresh.service - Refresh fwupd metadata and update motd.
Sep 30 08:29:28 weka63 systemd[1]: fwupd-refresh.service: Failed with result 'exit-code'.
Sep 30 09:15:26 weka63 systemd[1]: Failed to start fwupd-refresh.service - Refresh fwupd metadata and update motd.
Sep 30 09:15:26 weka63 systemd[1]: fwupd-refresh.service: Failed with result 'exit-code'.
Sep 30 10:31:55 weka63 systemd-networkd-wait-online[7236]: Timeout occurred while waiting for network connectivity.
Sep 30 10:45:28 weka63 systemd[1]: Failed to start fwupd-refresh.service - Refresh fwupd metadata and update motd.
Sep 30 10:45:28 weka63 systemd[1]: fwupd-refresh.service: Failed with result 'exit-code'.
Sep 30 11:11:11 weka63 systemd[1]: Failed to start fwupd-refresh.service - Refresh fwupd metadata and update motd.
Sep 30 11:11:11 weka63 systemd[1]: fwupd-refresh.service: Failed with result 'exit-code'.
Sep 30 12:28:43 weka63 systemd[1]: Failed to start fwupd-refresh.service - Refresh fwupd metadata and update motd.
Sep 30 12:28:43 weka63 systemd[1]: fwupd-refresh.service: Failed with result 'exit-code'.
Sep 30 13:46:19 weka63 systemd[1]: Failed to start fwupd-refresh.service - Refresh fwupd metadata and update motd.
Sep 30 13:46:19 weka63 systemd[1]: fwupd-refresh.service: Failed with result 'exit-code'.
Sep 30 14:34:51 weka63 systemd[1]: Failed to start fwupd-refresh.service - Refresh fwupd metadata and update motd.
Sep 30 14:34:51 weka63 systemd[1]: fwupd-refresh.service: Failed with result 'exit-code'.
Sep 30 15:30:21 weka63 systemd[1]: Failed to start fwupd-refresh.service - Refresh fwupd metadata and update motd.
Sep 30 15:30:21 weka63 systemd[1]: fwupd-refresh.service: Failed with result 'exit-code'.
Sep 30 16:07:19 weka63 systemd[1]: Failed to start fwupd-refresh.service - Refresh fwupd metadata and update motd.
Sep 30 16:07:19 weka63 systemd[1]: fwupd-refresh.service: Failed with result 'exit-code'.
Sep 30 17:25:59 weka63 systemd[1]: Failed to start fwupd-refresh.service - Refresh fwupd metadata and update motd.
Sep 30 17:25:59 weka63 systemd[1]: fwupd-refresh.service: Failed with result 'exit-code'.
Sep 30 18:09:19 weka63 systemd[1]: Failed to start fwupd-refresh.service - Refresh fwupd metadata and update motd.
Sep 30 18:09:19 weka63 systemd[1]: fwupd-refresh.service: Failed with result 'exit-code'.
Sep 30 18:48:33 weka63 systemd-networkd-wait-online[8144]: Timeout occurred while waiting for network connectivity.
Sep 30 19:13:21 weka63 systemd[1]: Failed to start fwupd-refresh.service - Refresh fwupd metadata and update motd.
Sep 30 19:13:21 weka63 systemd[1]: fwupd-refresh.service: Failed with result 'exit-code'.
Sep 30 20:31:19 weka63 systemd[1]: Failed to start fwupd-refresh.service - Refresh fwupd metadata and update motd.
Sep 30 20:31:19 weka63 systemd[1]: fwupd-refresh.service: Failed with result 'exit-code'.
Sep 30 21:12:42 weka63 systemd[1]: Failed to start fwupd-refresh.service - Refresh fwupd metadata and update motd.
Sep 30 21:12:42 weka63 systemd[1]: fwupd-refresh.service: Failed with result 'exit-code'.

================================================================
18. PRE-CHECK SUMMARY
================================================================
CHECK                                RESULT  DETAIL
------------------------------------ ------- ------------------------------------------------
Required commands                    PASS    All required commands are available
Host role                            PASS    client; Role explicitly provided
WEKA cluster status                  INFO    Local cluster API unavailable on containerless client
WEKA protection                      INFO    Validate protection from backend or management host
WEKA active alerts                   INFO    Local alert API unavailable on containerless client
Local WEKA containers                PASS    No local client containers configured
weka-agent.service                   PASS    Active and running
weka-bootstrap.service               PASS    Unit loaded; last result success
weka-roce.service                    INFO    RoCE persistence service not installed
RoCE/WEKA startup order              INFO    Dependency not installed
Active WEKA mounts                   PASS    No active wekafs mounts
RoCE NIC discovery                   PASS    2 interface(s) selected
ens3919np0 link/RDMA                 PASS    mlx5_1, 400000Mb/s, MTU 9000, ACTIVE
ens3919np0 MTU                       PASS    MTU 9000
ens4047np0 link/RDMA                 PASS    mlx5_0, 400000Mb/s, MTU 9000, ACTIVE
ens4047np0 MTU                       PASS    MTU 9000
ens3919np0 DSCP trust                FAIL    Priority trust state: pcp
ens3919np0 PFC                       FAIL    enabled     0   0   0   0   0   0   0   0   
ens4047np0 DSCP trust                FAIL    Priority trust state: pcp
ens4047np0 PFC                       FAIL    enabled     0   0   0   0   0   0   0   0   
ens3919np0 traffic class             FAIL    mlx5_1 TOS unknown; expected 106
ens4047np0 traffic class             FAIL    mlx5_0 TOS unknown; expected 106
TCP ECN                              FAIL    Current value 2; expected 1
RoCE persistence files               INFO    Not installed
Other RoCE config sources            INFO    1 possible source file(s); review output
network-online wait                  WARN    1 timeout event(s) in current boot
Relevant boot warnings               WARN    100 matching line(s); review output

----------------------------------------------------------------
PASS: 11   WARN: 2   FAIL: 7   INFO: 7
----------------------------------------------------------------

Overall assessment: NOT READY
Host:               weka63
Detected role:      client
Role reason:        Role explicitly provided
Expected traffic:   TOS 106
RoCE interfaces:    ens3919np0 ens4047np0
Report:              /root/roce-precheck-reports/weka63-roce-precheck-20260930-220517.log

Suggested deployment command:

/root/deploy-weka-roce.sh \
  --role client \
  --nics ens3919np0,ens4047np0 \
  --tos 106

No configuration changes were made.
Connection to 172.31.18.63 closed.
